
> study-point@0.1.0 typecheck
> tsc --noEmit

src/app/admin/batches/actions.ts(22,56): error TS2552: Cannot find name 'DomainErrorCode'. Did you mean 'DomainError'?
src/app/admin/batches/actions.ts(43,56): error TS2552: Cannot find name 'DomainErrorCode'. Did you mean 'DomainError'?
src/app/admin/batches/actions.ts(59,56): error TS2552: Cannot find name 'DomainErrorCode'. Did you mean 'DomainError'?
src/app/admin/batches/actions.ts(75,56): error TS2552: Cannot find name 'DomainErrorCode'. Did you mean 'DomainError'?
src/app/admin/fee-assignments/actions.ts(21,53): error TS2552: Cannot find name 'DomainErrorCode'. Did you mean 'DomainError'?
src/app/admin/fee-assignments/actions.ts(37,53): error TS2552: Cannot find name 'DomainErrorCode'. Did you mean 'DomainError'?
src/app/admin/fee-assignments/actions.ts(53,53): error TS2552: Cannot find name 'DomainErrorCode'. Did you mean 'DomainError'?
src/app/admin/fee-assignments/actions.ts(69,53): error TS2552: Cannot find name 'DomainErrorCode'. Did you mean 'DomainError'?
src/app/admin/homework/actions.ts(22,53): error TS2552: Cannot find name 'DomainErrorCode'. Did you mean 'DomainError'?
src/app/admin/homework/actions.ts(38,53): error TS2552: Cannot find name 'DomainErrorCode'. Did you mean 'DomainError'?
src/app/admin/homework/actions.ts(54,53): error TS2304: Cannot find name 'DomainErrorCode'.
src/app/admin/homework/actions.ts(70,53): error TS2304: Cannot find name 'DomainErrorCode'.
src/app/admin/materials/actions.ts(22,53): error TS2304: Cannot find name 'DomainErrorCode'.
src/app/admin/materials/actions.ts(38,53): error TS2304: Cannot find name 'DomainErrorCode'.
src/app/admin/materials/actions.ts(54,53): error TS2304: Cannot find name 'DomainErrorCode'.
src/app/admin/materials/actions.ts(70,53): error TS2304: Cannot find name 'DomainErrorCode'.
src/app/admin/settings/SettingsPageClient.tsx(59,77): error TS2304: Cannot find name 'siteSettingsSchema'.
src/app/admin/settings/SettingsPageClient.tsx(146,70): error TS2304: Cannot find name 'siteSettingsSchema'.
src/app/admin/settings/SettingsPageClient.tsx(205,69): error TS2304: Cannot find name 'siteSettingsSchema'.
src/app/admin/settings/SettingsPageClient.tsx(232,69): error TS2304: Cannot find name 'siteSettingsSchema'.
src/app/admin/settings/SettingsPageClient.tsx(255,71): error TS2304: Cannot find name 'siteSettingsSchema'.
src/app/admin/settings/SettingsPageClient.tsx(280,70): error TS2304: Cannot find name 'siteSettingsSchema'.
src/app/admin/tests/actions.ts(22,53): error TS2304: Cannot find name 'DomainErrorCode'.
src/app/admin/tests/actions.ts(38,53): error TS2304: Cannot find name 'DomainErrorCode'.
src/app/admin/tests/actions.ts(54,53): error TS2304: Cannot find name 'DomainErrorCode'.
src/app/admin/tests/actions.ts(70,53): error TS2304: Cannot find name 'DomainErrorCode'.
src/app/admin/website/actions.ts(247,23): error TS7053: Element implicitly has an 'any' type because expression of type 'string' can't be used to index type 'TestimonialUpdateInput'.
  No index signature with a parameter of type 'string' was found on type 'TestimonialUpdateInput'.
src/app/admin/website/actions.ts(248,33): error TS7053: Element implicitly has an 'any' type because expression of type 'string' can't be used to index type 'TestimonialUpdateInput'.
  No index signature with a parameter of type 'string' was found on type 'TestimonialUpdateInput'.
src/app/admin/website/components/WebsiteContentClient.tsx(351,22): error TS2322: Type '{ onChange: (...event: any[]) => void; onBlur: Noop; value: unknown; disabled?: boolean | undefined; name: "displayOrder"; ref: RefCallBack; type: "number"; }' is not assignable to type 'InputHTMLAttributes<HTMLInputElement>'.
  Types of property 'value' are incompatible.
    Type 'unknown' is not assignable to type 'string | number | readonly string[] | undefined'.
src/app/admin/website/components/WebsiteContentClient.tsx(363,29): error TS2322: Type 'unknown' is not assignable to type 'boolean | undefined'.
src/app/admin/website/components/WebsiteContentClient.tsx(392,5): error TS2322: Type 'Resolver<{ title: string; description: string; stepNumber: unknown; displayOrder?: unknown; isPublished?: boolean | undefined; }, any, { title: string; description: string; stepNumber: number; displayOrder: number; isPublished: boolean; }>' is not assignable to type 'Resolver<{ title: string; description: string; stepNumber: number; displayOrder: number; isPublished: boolean; }, any, { title: string; description: string; stepNumber: number; displayOrder: number; isPublished: boolean; }>'.
  Types of parameters 'options' and 'options' are incompatible.
    Type 'ResolverOptions<{ title: string; description: string; stepNumber: number; displayOrder: number; isPublished: boolean; }>' is not assignable to type 'ResolverOptions<{ title: string; description: string; stepNumber: unknown; displayOrder?: unknown; isPublished?: boolean | undefined; }>'.
      Type 'unknown' is not assignable to type 'number'.
src/app/admin/website/components/WebsiteContentClient.tsx(407,24): error TS2339: Property 'stepNumber' does not exist on type '{ id: string; createdAt: Date; updatedAt: Date; displayOrder: number; title: string; description: string; iconName: string | null; isPublished: boolean; }'.
src/app/admin/website/components/WebsiteContentClient.tsx(460,18): error TS2345: Argument of type '(step: WhyChooseUsItem) => JSX.Element' is not assignable to parameter of type '(value: { id: string; createdAt: Date; updatedAt: Date; displayOrder: number; title: string; description: string; isPublished: boolean; stepNumber: number; }, index: number, array: { ...; }[]) => Element'.
  Types of parameters 'step' and 'value' are incompatible.
    Property 'iconName' is missing in type '{ id: string; createdAt: Date; updatedAt: Date; displayOrder: number; title: string; description: string; isPublished: boolean; stepNumber: number; }' but required in type '{ id: string; createdAt: Date; updatedAt: Date; displayOrder: number; title: string; description: string; iconName: string | null; isPublished: boolean; }'.
src/app/admin/website/components/WebsiteContentClient.tsx(465,23): error TS2339: Property 'stepNumber' does not exist on type '{ id: string; createdAt: Date; updatedAt: Date; displayOrder: number; title: string; description: string; iconName: string | null; isPublished: boolean; }'.
src/app/admin/website/components/WebsiteContentClient.tsx(496,45): error TS2345: Argument of type '(data: z.infer<typeof methodologySchema>) => Promise<void>' is not assignable to parameter of type 'SubmitHandler<TFieldValues>'.
  Types of parameters 'data' and 'data' are incompatible.
    Type 'TFieldValues' is not assignable to type '{ title: string; description: string; stepNumber: number; displayOrder: number; isPublished: boolean; }'.
      Type 'FieldValues' is missing the following properties from type '{ title: string; description: string; stepNumber: number; displayOrder: number; isPublished: boolean; }': title, description, stepNumber, displayOrder, isPublished
src/app/admin/website/components/WebsiteContentClient.tsx(498,15): error TS2322: Type 'Control<{ title: string; description: string; stepNumber: number; displayOrder: number; isPublished: boolean; }, any, TFieldValues>' is not assignable to type 'Control<{ title: string; description: string; stepNumber: number; displayOrder: number; isPublished: boolean; }, any, { title: string; description: string; stepNumber: number; displayOrder: number; isPublished: boolean; }>'.
  The types of '_options.resolver' are incompatible between these types.
    Type 'Resolver<{ title: string; description: string; stepNumber: number; displayOrder: number; isPublished: boolean; }, any, TFieldValues> | undefined' is not assignable to type 'Resolver<{ title: string; description: string; stepNumber: number; displayOrder: number; isPublished: boolean; }, any, { title: string; description: string; stepNumber: number; displayOrder: number; isPublished: boolean; }> | undefined'.
      Type 'Resolver<{ title: string; description: string; stepNumber: number; displayOrder: number; isPublished: boolean; }, any, TFieldValues>' is not assignable to type 'Resolver<{ title: string; description: string; stepNumber: number; displayOrder: number; isPublished: boolean; }, any, { title: string; description: string; stepNumber: number; displayOrder: number; isPublished: boolean; }>'.
        Type 'ResolverResult<{ title: string; description: string; stepNumber: number; displayOrder: number; isPublished: boolean; }, TFieldValues> | Promise<ResolverResult<{ title: string; description: string; stepNumber: number; displayOrder: number; isPublished: boolean; }, TFieldValues>>' is not assignable to type 'ResolverResult<{ title: string; description: string; stepNumber: number; displayOrder: number; isPublished: boolean; }, { title: string; description: string; stepNumber: number; displayOrder: number; isPublished: boolean; }> | Promise<...>'.
          Type 'ResolverSuccess<TFieldValues>' is not assignable to type 'ResolverResult<{ title: string; description: string; stepNumber: number; displayOrder: number; isPublished: boolean; }, { title: string; description: string; stepNumber: number; displayOrder: number; isPublished: boolean; }> | Promise<...>'.
            Type 'ResolverSuccess<TFieldValues>' is not assignable to type 'ResolverSuccess<{ title: string; description: string; stepNumber: number; displayOrder: number; isPublished: boolean; }>'.
              Type 'TFieldValues' is not assignable to type '{ title: string; description: string; stepNumber: number; displayOrder: number; isPublished: boolean; }'.
                Type 'FieldValues' is missing the following properties from type '{ title: string; description: string; stepNumber: number; displayOrder: number; isPublished: boolean; }': title, description, stepNumber, displayOrder, isPublished
src/app/admin/website/components/WebsiteContentClient.tsx(511,15): error TS2322: Type 'Control<{ title: string; description: string; stepNumber: number; displayOrder: number; isPublished: boolean; }, any, TFieldValues>' is not assignable to type 'Control<{ title: string; description: string; stepNumber: number; displayOrder: number; isPublished: boolean; }, any, { title: string; description: string; stepNumber: number; displayOrder: number; isPublished: boolean; }>'.
  The types of '_options.resolver' are incompatible between these types.
    Type 'Resolver<{ title: string; description: string; stepNumber: number; displayOrder: number; isPublished: boolean; }, any, TFieldValues> | undefined' is not assignable to type 'Resolver<{ title: string; description: string; stepNumber: number; displayOrder: number; isPublished: boolean; }, any, { title: string; description: string; stepNumber: number; displayOrder: number; isPublished: boolean; }> | undefined'.
      Type 'Resolver<{ title: string; description: string; stepNumber: number; displayOrder: number; isPublished: boolean; }, any, TFieldValues>' is not assignable to type 'Resolver<{ title: string; description: string; stepNumber: number; displayOrder: number; isPublished: boolean; }, any, { title: string; description: string; stepNumber: number; displayOrder: number; isPublished: boolean; }>'.
        Type 'ResolverResult<{ title: string; description: string; stepNumber: number; displayOrder: number; isPublished: boolean; }, TFieldValues> | Promise<ResolverResult<{ title: string; description: string; stepNumber: number; displayOrder: number; isPublished: boolean; }, TFieldValues>>' is not assignable to type 'ResolverResult<{ title: string; description: string; stepNumber: number; displayOrder: number; isPublished: boolean; }, { title: string; description: string; stepNumber: number; displayOrder: number; isPublished: boolean; }> | Promise<...>'.
          Type 'ResolverSuccess<TFieldValues>' is not assignable to type 'ResolverResult<{ title: string; description: string; stepNumber: number; displayOrder: number; isPublished: boolean; }, { title: string; description: string; stepNumber: number; displayOrder: number; isPublished: boolean; }> | Promise<...>'.
            Type 'ResolverSuccess<TFieldValues>' is not assignable to type 'ResolverSuccess<{ title: string; description: string; stepNumber: number; displayOrder: number; isPublished: boolean; }>'.
              Type 'TFieldValues' is not assignable to type '{ title: string; description: string; stepNumber: number; displayOrder: number; isPublished: boolean; }'.
                Type 'FieldValues' is missing the following properties from type '{ title: string; description: string; stepNumber: number; displayOrder: number; isPublished: boolean; }': title, description, stepNumber, displayOrder, isPublished
src/app/admin/website/components/WebsiteContentClient.tsx(529,15): error TS2322: Type 'Control<{ title: string; description: string; stepNumber: number; displayOrder: number; isPublished: boolean; }, any, TFieldValues>' is not assignable to type 'Control<{ title: string; description: string; stepNumber: number; displayOrder: number; isPublished: boolean; }, any, { title: string; description: string; stepNumber: number; displayOrder: number; isPublished: boolean; }>'.
  The types of '_options.resolver' are incompatible between these types.
    Type 'Resolver<{ title: string; description: string; stepNumber: number; displayOrder: number; isPublished: boolean; }, any, TFieldValues> | undefined' is not assignable to type 'Resolver<{ title: string; description: string; stepNumber: number; displayOrder: number; isPublished: boolean; }, any, { title: string; description: string; stepNumber: number; displayOrder: number; isPublished: boolean; }> | undefined'.
      Type 'Resolver<{ title: string; description: string; stepNumber: number; displayOrder: number; isPublished: boolean; }, any, TFieldValues>' is not assignable to type 'Resolver<{ title: string; description: string; stepNumber: number; displayOrder: number; isPublished: boolean; }, any, { title: string; description: string; stepNumber: number; displayOrder: number; isPublished: boolean; }>'.
        Type 'ResolverResult<{ title: string; description: string; stepNumber: number; displayOrder: number; isPublished: boolean; }, TFieldValues> | Promise<ResolverResult<{ title: string; description: string; stepNumber: number; displayOrder: number; isPublished: boolean; }, TFieldValues>>' is not assignable to type 'ResolverResult<{ title: string; description: string; stepNumber: number; displayOrder: number; isPublished: boolean; }, { title: string; description: string; stepNumber: number; displayOrder: number; isPublished: boolean; }> | Promise<...>'.
          Type 'ResolverSuccess<TFieldValues>' is not assignable to type 'ResolverResult<{ title: string; description: string; stepNumber: number; displayOrder: number; isPublished: boolean; }, { title: string; description: string; stepNumber: number; displayOrder: number; isPublished: boolean; }> | Promise<...>'.
            Type 'ResolverSuccess<TFieldValues>' is not assignable to type 'ResolverSuccess<{ title: string; description: string; stepNumber: number; displayOrder: number; isPublished: boolean; }>'.
              Type 'TFieldValues' is not assignable to type '{ title: string; description: string; stepNumber: number; displayOrder: number; isPublished: boolean; }'.
                Type 'FieldValues' is missing the following properties from type '{ title: string; description: string; stepNumber: number; displayOrder: number; isPublished: boolean; }': title, description, stepNumber, displayOrder, isPublished
src/app/admin/website/components/WebsiteContentClient.tsx(542,15): error TS2322: Type 'Control<{ title: string; description: string; stepNumber: number; displayOrder: number; isPublished: boolean; }, any, TFieldValues>' is not assignable to type 'Control<{ title: string; description: string; stepNumber: number; displayOrder: number; isPublished: boolean; }, any, { title: string; description: string; stepNumber: number; displayOrder: number; isPublished: boolean; }>'.
  The types of '_options.resolver' are incompatible between these types.
    Type 'Resolver<{ title: string; description: string; stepNumber: number; displayOrder: number; isPublished: boolean; }, any, TFieldValues> | undefined' is not assignable to type 'Resolver<{ title: string; description: string; stepNumber: number; displayOrder: number; isPublished: boolean; }, any, { title: string; description: string; stepNumber: number; displayOrder: number; isPublished: boolean; }> | undefined'.
      Type 'Resolver<{ title: string; description: string; stepNumber: number; displayOrder: number; isPublished: boolean; }, any, TFieldValues>' is not assignable to type 'Resolver<{ title: string; description: string; stepNumber: number; displayOrder: number; isPublished: boolean; }, any, { title: string; description: string; stepNumber: number; displayOrder: number; isPublished: boolean; }>'.
        Type 'ResolverResult<{ title: string; description: string; stepNumber: number; displayOrder: number; isPublished: boolean; }, TFieldValues> | Promise<ResolverResult<{ title: string; description: string; stepNumber: number; displayOrder: number; isPublished: boolean; }, TFieldValues>>' is not assignable to type 'ResolverResult<{ title: string; description: string; stepNumber: number; displayOrder: number; isPublished: boolean; }, { title: string; description: string; stepNumber: number; displayOrder: number; isPublished: boolean; }> | Promise<...>'.
          Type 'ResolverSuccess<TFieldValues>' is not assignable to type 'ResolverResult<{ title: string; description: string; stepNumber: number; displayOrder: number; isPublished: boolean; }, { title: string; description: string; stepNumber: number; displayOrder: number; isPublished: boolean; }> | Promise<...>'.
            Type 'ResolverSuccess<TFieldValues>' is not assignable to type 'ResolverSuccess<{ title: string; description: string; stepNumber: number; displayOrder: number; isPublished: boolean; }>'.
              Type 'TFieldValues' is not assignable to type '{ title: string; description: string; stepNumber: number; displayOrder: number; isPublished: boolean; }'.
                Type 'FieldValues' is missing the following properties from type '{ title: string; description: string; stepNumber: number; displayOrder: number; isPublished: boolean; }': title, description, stepNumber, displayOrder, isPublished
src/app/admin/website/components/WebsiteContentClient.tsx(555,15): error TS2322: Type 'Control<{ title: string; description: string; stepNumber: number; displayOrder: number; isPublished: boolean; }, any, TFieldValues>' is not assignable to type 'Control<{ title: string; description: string; stepNumber: number; displayOrder: number; isPublished: boolean; }, any, { title: string; description: string; stepNumber: number; displayOrder: number; isPublished: boolean; }>'.
  The types of '_options.resolver' are incompatible between these types.
    Type 'Resolver<{ title: string; description: string; stepNumber: number; displayOrder: number; isPublished: boolean; }, any, TFieldValues> | undefined' is not assignable to type 'Resolver<{ title: string; description: string; stepNumber: number; displayOrder: number; isPublished: boolean; }, any, { title: string; description: string; stepNumber: number; displayOrder: number; isPublished: boolean; }> | undefined'.
      Type 'Resolver<{ title: string; description: string; stepNumber: number; displayOrder: number; isPublished: boolean; }, any, TFieldValues>' is not assignable to type 'Resolver<{ title: string; description: string; stepNumber: number; displayOrder: number; isPublished: boolean; }, any, { title: string; description: string; stepNumber: number; displayOrder: number; isPublished: boolean; }>'.
        Type 'ResolverResult<{ title: string; description: string; stepNumber: number; displayOrder: number; isPublished: boolean; }, TFieldValues> | Promise<ResolverResult<{ title: string; description: string; stepNumber: number; displayOrder: number; isPublished: boolean; }, TFieldValues>>' is not assignable to type 'ResolverResult<{ title: string; description: string; stepNumber: number; displayOrder: number; isPublished: boolean; }, { title: string; description: string; stepNumber: number; displayOrder: number; isPublished: boolean; }> | Promise<...>'.
          Type 'ResolverSuccess<TFieldValues>' is not assignable to type 'ResolverResult<{ title: string; description: string; stepNumber: number; displayOrder: number; isPublished: boolean; }, { title: string; description: string; stepNumber: number; displayOrder: number; isPublished: boolean; }> | Promise<...>'.
            Type 'ResolverSuccess<TFieldValues>' is not assignable to type 'ResolverSuccess<{ title: string; description: string; stepNumber: number; displayOrder: number; isPublished: boolean; }>'.
              Type 'TFieldValues' is not assignable to type '{ title: string; description: string; stepNumber: number; displayOrder: number; isPublished: boolean; }'.
                Type 'FieldValues' is missing the following properties from type '{ title: string; description: string; stepNumber: number; displayOrder: number; isPublished: boolean; }': title, description, stepNumber, displayOrder, isPublished
src/app/admin/website/components/WebsiteContentClient.tsx(593,5): error TS2322: Type 'Resolver<{ studentName: string; message: string; designation?: string | null | undefined; studentClass?: string | null | undefined; batch?: string | null | undefined; year?: unknown; displayOrder?: unknown; featured?: boolean | undefined; isPublished?: boolean | undefined; }, any, { ...; }>' is not assignable to type 'Resolver<{ studentName: string; message: string; displayOrder: number; featured: boolean; isPublished: boolean; designation?: string | null | undefined; studentClass?: string | null | undefined; batch?: string | ... 1 more ... | undefined; year?: number | ... 1 more ... | undefined; }, any, { ...; }>'.
  Types of parameters 'options' and 'options' are incompatible.
    Type 'ResolverOptions<{ studentName: string; message: string; displayOrder: number; featured: boolean; isPublished: boolean; designation?: string | null | undefined; studentClass?: string | null | undefined; batch?: string | ... 1 more ... | undefined; year?: number | ... 1 more ... | undefined; }>' is not assignable to type 'ResolverOptions<{ studentName: string; message: string; designation?: string | null | undefined; studentClass?: string | null | undefined; batch?: string | null | undefined; year?: unknown; displayOrder?: unknown; featured?: boolean | undefined; isPublished?: boolean | undefined; }>'.
      Type 'unknown' is not assignable to type 'number'.
src/app/admin/website/components/WebsiteContentClient.tsx(610,25): error TS2339: Property 'studentName' does not exist on type '{ id: string; createdAt: Date; updatedAt: Date; displayOrder: number; title: string; description: string; iconName: string | null; isPublished: boolean; }'.
src/app/admin/website/components/WebsiteContentClient.tsx(611,21): error TS2339: Property 'message' does not exist on type '{ id: string; createdAt: Date; updatedAt: Date; displayOrder: number; title: string; description: string; iconName: string | null; isPublished: boolean; }'.
src/app/admin/website/components/WebsiteContentClient.tsx(612,25): error TS2339: Property 'designation' does not exist on type '{ id: string; createdAt: Date; updatedAt: Date; displayOrder: number; title: string; description: string; iconName: string | null; isPublished: boolean; }'.
src/app/admin/website/components/WebsiteContentClient.tsx(613,26): error TS2339: Property 'studentClass' does not exist on type '{ id: string; createdAt: Date; updatedAt: Date; displayOrder: number; title: string; description: string; iconName: string | null; isPublished: boolean; }'.
src/app/admin/website/components/WebsiteContentClient.tsx(614,19): error TS2339: Property 'batch' does not exist on type '{ id: string; createdAt: Date; updatedAt: Date; displayOrder: number; title: string; description: string; iconName: string | null; isPublished: boolean; }'.
src/app/admin/website/components/WebsiteContentClient.tsx(615,18): error TS2339: Property 'year' does not exist on type '{ id: string; createdAt: Date; updatedAt: Date; displayOrder: number; title: string; description: string; iconName: string | null; isPublished: boolean; }'.
src/app/admin/website/components/WebsiteContentClient.tsx(617,22): error TS2339: Property 'featured' does not exist on type '{ id: string; createdAt: Date; updatedAt: Date; displayOrder: number; title: string; description: string; iconName: string | null; isPublished: boolean; }'.
src/app/admin/website/components/WebsiteContentClient.tsx(641,59): error TS2345: Argument of type '{ studentName: string; message: string; displayOrder: number; featured: boolean; isPublished: boolean; designation?: string | null | undefined; studentClass?: string | null | undefined; batch?: string | ... 1 more ... | undefined; year?: number | ... 1 more ... | undefined; }' is not assignable to parameter of type 'TestimonialUpdateInput'.
  Types of property 'studentClass' are incompatible.
    Type 'string | null | undefined' is not assignable to type 'ClassLevel | NullableEnumClassLevelFieldUpdateOperationsInput | null | undefined'.
      Type 'string' is not assignable to type 'ClassLevel | NullableEnumClassLevelFieldUpdateOperationsInput | null | undefined'.
src/app/admin/website/components/WebsiteContentClient.tsx(647,47): error TS2345: Argument of type '{ studentName: string; message: string; displayOrder: number; featured: boolean; isPublished: boolean; designation?: string | null | undefined; studentClass?: string | null | undefined; batch?: string | ... 1 more ... | undefined; year?: number | ... 1 more ... | undefined; }' is not assignable to parameter of type '{ studentName: string; message: string; designation?: string | null | undefined; studentClass?: ClassLevel | null | undefined; batch?: string | null | undefined; year?: number | null | undefined; studentPhotoFileId?: string | ... 1 more ... | undefined; featured?: boolean | undefined; displayOrder?: number | undefin...'.
  Types of property 'studentClass' are incompatible.
    Type 'string | null | undefined' is not assignable to type 'ClassLevel | null | undefined'.
      Type 'string' is not assignable to type 'ClassLevel | null | undefined'.
src/app/admin/website/components/WebsiteContentClient.tsx(674,20): error TS2345: Argument of type '(item: WhyChooseUsItem) => JSX.Element' is not assignable to parameter of type '(value: { id: string; createdAt: Date; updatedAt: Date; batch: string | null; displayOrder: number; message: string; featured: boolean; isPublished: boolean; studentName: string; designation: string | null; studentClass: ClassLevel | null; year: number | null; studentPhotoFileId: string | null; }, index: number, arr...'.
  Types of parameters 'item' and 'value' are incompatible.
    Type '{ id: string; createdAt: Date; updatedAt: Date; batch: string | null; displayOrder: number; message: string; featured: boolean; isPublished: boolean; studentName: string; designation: string | null; studentClass: ClassLevel | null; year: number | null; studentPhotoFileId: string | null; }' is missing the following properties from type '{ id: string; createdAt: Date; updatedAt: Date; displayOrder: number; title: string; description: string; iconName: string | null; isPublished: boolean; }': title, description, iconName
src/app/admin/website/components/WebsiteContentClient.tsx(679,52): error TS2339: Property 'studentName' does not exist on type '{ id: string; createdAt: Date; updatedAt: Date; displayOrder: number; title: string; description: string; iconName: string | null; isPublished: boolean; }'.
src/app/admin/website/components/WebsiteContentClient.tsx(680,25): error TS2339: Property 'featured' does not exist on type '{ id: string; createdAt: Date; updatedAt: Date; displayOrder: number; title: string; description: string; iconName: string | null; isPublished: boolean; }'.
src/app/admin/website/components/WebsiteContentClient.tsx(685,25): error TS2339: Property 'studentClass' does not exist on type '{ id: string; createdAt: Date; updatedAt: Date; displayOrder: number; title: string; description: string; iconName: string | null; isPublished: boolean; }'.
src/app/admin/website/components/WebsiteContentClient.tsx(686,25): error TS2339: Property 'batch' does not exist on type '{ id: string; createdAt: Date; updatedAt: Date; displayOrder: number; title: string; description: string; iconName: string | null; isPublished: boolean; }'.
src/app/admin/website/components/WebsiteContentClient.tsx(686,44): error TS2339: Property 'batch' does not exist on type '{ id: string; createdAt: Date; updatedAt: Date; displayOrder: number; title: string; description: string; iconName: string | null; isPublished: boolean; }'.
src/app/admin/website/components/WebsiteContentClient.tsx(689,32): error TS2339: Property 'message' does not exist on type '{ id: string; createdAt: Date; updatedAt: Date; displayOrder: number; title: string; description: string; iconName: string | null; isPublished: boolean; }'.
src/app/admin/website/components/WebsiteContentClient.tsx(715,45): error TS2345: Argument of type '(data: z.infer<typeof testimonialSchema>) => Promise<void>' is not assignable to parameter of type 'SubmitHandler<TFieldValues>'.
  Types of parameters 'data' and 'data' are incompatible.
    Type 'TFieldValues' is not assignable to type '{ studentName: string; message: string; displayOrder: number; featured: boolean; isPublished: boolean; designation?: string | null | undefined; studentClass?: string | null | undefined; batch?: string | ... 1 more ... | undefined; year?: number | ... 1 more ... | undefined; }'.
      Type 'FieldValues' is missing the following properties from type '{ studentName: string; message: string; displayOrder: number; featured: boolean; isPublished: boolean; designation?: string | null | undefined; studentClass?: string | null | undefined; batch?: string | ... 1 more ... | undefined; year?: number | ... 1 more ... | undefined; }': studentName, message, displayOrder, featured, isPublished
src/app/admin/website/components/WebsiteContentClient.tsx(717,15): error TS2322: Type 'Control<{ studentName: string; message: string; displayOrder: number; featured: boolean; isPublished: boolean; designation?: string | null | undefined; studentClass?: string | null | undefined; batch?: string | ... 1 more ... | undefined; year?: number | ... 1 more ... | undefined; }, any, TFieldValues>' is not assignable to type 'Control<{ studentName: string; message: string; displayOrder: number; featured: boolean; isPublished: boolean; designation?: string | null | undefined; studentClass?: string | null | undefined; batch?: string | ... 1 more ... | undefined; year?: number | ... 1 more ... | undefined; }, any, { ...; }>'.
  The types of '_options.resolver' are incompatible between these types.
    Type 'Resolver<{ studentName: string; message: string; displayOrder: number; featured: boolean; isPublished: boolean; designation?: string | null | undefined; studentClass?: string | null | undefined; batch?: string | ... 1 more ... | undefined; year?: number | ... 1 more ... | undefined; }, any, TFieldValues> | undefined' is not assignable to type 'Resolver<{ studentName: string; message: string; displayOrder: number; featured: boolean; isPublished: boolean; designation?: string | null | undefined; studentClass?: string | null | undefined; batch?: string | ... 1 more ... | undefined; year?: number | ... 1 more ... | undefined; }, any, { ...; }> | undefined'.
      Type 'Resolver<{ studentName: string; message: string; displayOrder: number; featured: boolean; isPublished: boolean; designation?: string | null | undefined; studentClass?: string | null | undefined; batch?: string | ... 1 more ... | undefined; year?: number | ... 1 more ... | undefined; }, any, TFieldValues>' is not assignable to type 'Resolver<{ studentName: string; message: string; displayOrder: number; featured: boolean; isPublished: boolean; designation?: string | null | undefined; studentClass?: string | null | undefined; batch?: string | ... 1 more ... | undefined; year?: number | ... 1 more ... | undefined; }, any, { ...; }>'.
        Type 'ResolverResult<{ studentName: string; message: string; displayOrder: number; featured: boolean; isPublished: boolean; designation?: string | null | undefined; studentClass?: string | null | undefined; batch?: string | ... 1 more ... | undefined; year?: number | ... 1 more ... | undefined; }, TFieldValues> | Promise<...' is not assignable to type 'ResolverResult<{ studentName: string; message: string; displayOrder: number; featured: boolean; isPublished: boolean; designation?: string | null | undefined; studentClass?: string | null | undefined; batch?: string | ... 1 more ... | undefined; year?: number | ... 1 more ... | undefined; }, { ...; }> | Promise<...>'.
          Type 'ResolverSuccess<TFieldValues>' is not assignable to type 'ResolverResult<{ studentName: string; message: string; displayOrder: number; featured: boolean; isPublished: boolean; designation?: string | null | undefined; studentClass?: string | null | undefined; batch?: string | ... 1 more ... | undefined; year?: number | ... 1 more ... | undefined; }, { ...; }> | Promise<...>'.
            Type 'ResolverSuccess<TFieldValues>' is not assignable to type 'ResolverSuccess<{ studentName: string; message: string; displayOrder: number; featured: boolean; isPublished: boolean; designation?: string | null | undefined; studentClass?: string | null | undefined; batch?: string | ... 1 more ... | undefined; year?: number | ... 1 more ... | undefined; }>'.
              Type 'TFieldValues' is not assignable to type '{ studentName: string; message: string; displayOrder: number; featured: boolean; isPublished: boolean; designation?: string | null | undefined; studentClass?: string | null | undefined; batch?: string | ... 1 more ... | undefined; year?: number | ... 1 more ... | undefined; }'.
                Type 'FieldValues' is missing the following properties from type '{ studentName: string; message: string; displayOrder: number; featured: boolean; isPublished: boolean; designation?: string | null | undefined; studentClass?: string | null | undefined; batch?: string | ... 1 more ... | undefined; year?: number | ... 1 more ... | undefined; }': studentName, message, displayOrder, featured, isPublished
src/app/admin/website/components/WebsiteContentClient.tsx(730,15): error TS2322: Type 'Control<{ studentName: string; message: string; displayOrder: number; featured: boolean; isPublished: boolean; designation?: string | null | undefined; studentClass?: string | null | undefined; batch?: string | ... 1 more ... | undefined; year?: number | ... 1 more ... | undefined; }, any, TFieldValues>' is not assignable to type 'Control<{ studentName: string; message: string; displayOrder: number; featured: boolean; isPublished: boolean; designation?: string | null | undefined; studentClass?: string | null | undefined; batch?: string | ... 1 more ... | undefined; year?: number | ... 1 more ... | undefined; }, any, { ...; }>'.
  The types of '_options.resolver' are incompatible between these types.
    Type 'Resolver<{ studentName: string; message: string; displayOrder: number; featured: boolean; isPublished: boolean; designation?: string | null | undefined; studentClass?: string | null | undefined; batch?: string | ... 1 more ... | undefined; year?: number | ... 1 more ... | undefined; }, any, TFieldValues> | undefined' is not assignable to type 'Resolver<{ studentName: string; message: string; displayOrder: number; featured: boolean; isPublished: boolean; designation?: string | null | undefined; studentClass?: string | null | undefined; batch?: string | ... 1 more ... | undefined; year?: number | ... 1 more ... | undefined; }, any, { ...; }> | undefined'.
      Type 'Resolver<{ studentName: string; message: string; displayOrder: number; featured: boolean; isPublished: boolean; designation?: string | null | undefined; studentClass?: string | null | undefined; batch?: string | ... 1 more ... | undefined; year?: number | ... 1 more ... | undefined; }, any, TFieldValues>' is not assignable to type 'Resolver<{ studentName: string; message: string; displayOrder: number; featured: boolean; isPublished: boolean; designation?: string | null | undefined; studentClass?: string | null | undefined; batch?: string | ... 1 more ... | undefined; year?: number | ... 1 more ... | undefined; }, any, { ...; }>'.
        Type 'ResolverResult<{ studentName: string; message: string; displayOrder: number; featured: boolean; isPublished: boolean; designation?: string | null | undefined; studentClass?: string | null | undefined; batch?: string | ... 1 more ... | undefined; year?: number | ... 1 more ... | undefined; }, TFieldValues> | Promise<...' is not assignable to type 'ResolverResult<{ studentName: string; message: string; displayOrder: number; featured: boolean; isPublished: boolean; designation?: string | null | undefined; studentClass?: string | null | undefined; batch?: string | ... 1 more ... | undefined; year?: number | ... 1 more ... | undefined; }, { ...; }> | Promise<...>'.
          Type 'ResolverSuccess<TFieldValues>' is not assignable to type 'ResolverResult<{ studentName: string; message: string; displayOrder: number; featured: boolean; isPublished: boolean; designation?: string | null | undefined; studentClass?: string | null | undefined; batch?: string | ... 1 more ... | undefined; year?: number | ... 1 more ... | undefined; }, { ...; }> | Promise<...>'.
            Type 'ResolverSuccess<TFieldValues>' is not assignable to type 'ResolverSuccess<{ studentName: string; message: string; displayOrder: number; featured: boolean; isPublished: boolean; designation?: string | null | undefined; studentClass?: string | null | undefined; batch?: string | ... 1 more ... | undefined; year?: number | ... 1 more ... | undefined; }>'.
              Type 'TFieldValues' is not assignable to type '{ studentName: string; message: string; displayOrder: number; featured: boolean; isPublished: boolean; designation?: string | null | undefined; studentClass?: string | null | undefined; batch?: string | ... 1 more ... | undefined; year?: number | ... 1 more ... | undefined; }'.
                Type 'FieldValues' is missing the following properties from type '{ studentName: string; message: string; displayOrder: number; featured: boolean; isPublished: boolean; designation?: string | null | undefined; studentClass?: string | null | undefined; batch?: string | ... 1 more ... | undefined; year?: number | ... 1 more ... | undefined; }': studentName, message, displayOrder, featured, isPublished
src/app/admin/website/components/WebsiteContentClient.tsx(744,17): error TS2322: Type 'Control<{ studentName: string; message: string; displayOrder: number; featured: boolean; isPublished: boolean; designation?: string | null | undefined; studentClass?: string | null | undefined; batch?: string | ... 1 more ... | undefined; year?: number | ... 1 more ... | undefined; }, any, TFieldValues>' is not assignable to type 'Control<{ studentName: string; message: string; displayOrder: number; featured: boolean; isPublished: boolean; designation?: string | null | undefined; studentClass?: string | null | undefined; batch?: string | ... 1 more ... | undefined; year?: number | ... 1 more ... | undefined; }, any, { ...; }>'.
  The types of '_options.resolver' are incompatible between these types.
    Type 'Resolver<{ studentName: string; message: string; displayOrder: number; featured: boolean; isPublished: boolean; designation?: string | null | undefined; studentClass?: string | null | undefined; batch?: string | ... 1 more ... | undefined; year?: number | ... 1 more ... | undefined; }, any, TFieldValues> | undefined' is not assignable to type 'Resolver<{ studentName: string; message: string; displayOrder: number; featured: boolean; isPublished: boolean; designation?: string | null | undefined; studentClass?: string | null | undefined; batch?: string | ... 1 more ... | undefined; year?: number | ... 1 more ... | undefined; }, any, { ...; }> | undefined'.
      Type 'Resolver<{ studentName: string; message: string; displayOrder: number; featured: boolean; isPublished: boolean; designation?: string | null | undefined; studentClass?: string | null | undefined; batch?: string | ... 1 more ... | undefined; year?: number | ... 1 more ... | undefined; }, any, TFieldValues>' is not assignable to type 'Resolver<{ studentName: string; message: string; displayOrder: number; featured: boolean; isPublished: boolean; designation?: string | null | undefined; studentClass?: string | null | undefined; batch?: string | ... 1 more ... | undefined; year?: number | ... 1 more ... | undefined; }, any, { ...; }>'.
        Type 'ResolverResult<{ studentName: string; message: string; displayOrder: number; featured: boolean; isPublished: boolean; designation?: string | null | undefined; studentClass?: string | null | undefined; batch?: string | ... 1 more ... | undefined; year?: number | ... 1 more ... | undefined; }, TFieldValues> | Promise<...' is not assignable to type 'ResolverResult<{ studentName: string; message: string; displayOrder: number; featured: boolean; isPublished: boolean; designation?: string | null | undefined; studentClass?: string | null | undefined; batch?: string | ... 1 more ... | undefined; year?: number | ... 1 more ... | undefined; }, { ...; }> | Promise<...>'.
          Type 'ResolverSuccess<TFieldValues>' is not assignable to type 'ResolverResult<{ studentName: string; message: string; displayOrder: number; featured: boolean; isPublished: boolean; designation?: string | null | undefined; studentClass?: string | null | undefined; batch?: string | ... 1 more ... | undefined; year?: number | ... 1 more ... | undefined; }, { ...; }> | Promise<...>'.
            Type 'ResolverSuccess<TFieldValues>' is not assignable to type 'ResolverSuccess<{ studentName: string; message: string; displayOrder: number; featured: boolean; isPublished: boolean; designation?: string | null | undefined; studentClass?: string | null | undefined; batch?: string | ... 1 more ... | undefined; year?: number | ... 1 more ... | undefined; }>'.
              Type 'TFieldValues' is not assignable to type '{ studentName: string; message: string; displayOrder: number; featured: boolean; isPublished: boolean; designation?: string | null | undefined; studentClass?: string | null | undefined; batch?: string | ... 1 more ... | undefined; year?: number | ... 1 more ... | undefined; }'.
                Type 'FieldValues' is missing the following properties from type '{ studentName: string; message: string; displayOrder: number; featured: boolean; isPublished: boolean; designation?: string | null | undefined; studentClass?: string | null | undefined; batch?: string | ... 1 more ... | undefined; year?: number | ... 1 more ... | undefined; }': studentName, message, displayOrder, featured, isPublished
src/app/admin/website/components/WebsiteContentClient.tsx(759,17): error TS2322: Type 'Control<{ studentName: string; message: string; displayOrder: number; featured: boolean; isPublished: boolean; designation?: string | null | undefined; studentClass?: string | null | undefined; batch?: string | ... 1 more ... | undefined; year?: number | ... 1 more ... | undefined; }, any, TFieldValues>' is not assignable to type 'Control<{ studentName: string; message: string; displayOrder: number; featured: boolean; isPublished: boolean; designation?: string | null | undefined; studentClass?: string | null | undefined; batch?: string | ... 1 more ... | undefined; year?: number | ... 1 more ... | undefined; }, any, { ...; }>'.
  The types of '_options.resolver' are incompatible between these types.
    Type 'Resolver<{ studentName: string; message: string; displayOrder: number; featured: boolean; isPublished: boolean; designation?: string | null | undefined; studentClass?: string | null | undefined; batch?: string | ... 1 more ... | undefined; year?: number | ... 1 more ... | undefined; }, any, TFieldValues> | undefined' is not assignable to type 'Resolver<{ studentName: string; message: string; displayOrder: number; featured: boolean; isPublished: boolean; designation?: string | null | undefined; studentClass?: string | null | undefined; batch?: string | ... 1 more ... | undefined; year?: number | ... 1 more ... | undefined; }, any, { ...; }> | undefined'.
      Type 'Resolver<{ studentName: string; message: string; displayOrder: number; featured: boolean; isPublished: boolean; designation?: string | null | undefined; studentClass?: string | null | undefined; batch?: string | ... 1 more ... | undefined; year?: number | ... 1 more ... | undefined; }, any, TFieldValues>' is not assignable to type 'Resolver<{ studentName: string; message: string; displayOrder: number; featured: boolean; isPublished: boolean; designation?: string | null | undefined; studentClass?: string | null | undefined; batch?: string | ... 1 more ... | undefined; year?: number | ... 1 more ... | undefined; }, any, { ...; }>'.
        Type 'ResolverResult<{ studentName: string; message: string; displayOrder: number; featured: boolean; isPublished: boolean; designation?: string | null | undefined; studentClass?: string | null | undefined; batch?: string | ... 1 more ... | undefined; year?: number | ... 1 more ... | undefined; }, TFieldValues> | Promise<...' is not assignable to type 'ResolverResult<{ studentName: string; message: string; displayOrder: number; featured: boolean; isPublished: boolean; designation?: string | null | undefined; studentClass?: string | null | undefined; batch?: string | ... 1 more ... | undefined; year?: number | ... 1 more ... | undefined; }, { ...; }> | Promise<...>'.
          Type 'ResolverSuccess<TFieldValues>' is not assignable to type 'ResolverResult<{ studentName: string; message: string; displayOrder: number; featured: boolean; isPublished: boolean; designation?: string | null | undefined; studentClass?: string | null | undefined; batch?: string | ... 1 more ... | undefined; year?: number | ... 1 more ... | undefined; }, { ...; }> | Promise<...>'.
            Type 'ResolverSuccess<TFieldValues>' is not assignable to type 'ResolverSuccess<{ studentName: string; message: string; displayOrder: number; featured: boolean; isPublished: boolean; designation?: string | null | undefined; studentClass?: string | null | undefined; batch?: string | ... 1 more ... | undefined; year?: number | ... 1 more ... | undefined; }>'.
              Type 'TFieldValues' is not assignable to type '{ studentName: string; message: string; displayOrder: number; featured: boolean; isPublished: boolean; designation?: string | null | undefined; studentClass?: string | null | undefined; batch?: string | ... 1 more ... | undefined; year?: number | ... 1 more ... | undefined; }'.
                Type 'FieldValues' is missing the following properties from type '{ studentName: string; message: string; displayOrder: number; featured: boolean; isPublished: boolean; designation?: string | null | undefined; studentClass?: string | null | undefined; batch?: string | ... 1 more ... | undefined; year?: number | ... 1 more ... | undefined; }': studentName, message, displayOrder, featured, isPublished
src/app/admin/website/components/WebsiteContentClient.tsx(784,17): error TS2322: Type 'Control<{ studentName: string; message: string; displayOrder: number; featured: boolean; isPublished: boolean; designation?: string | null | undefined; studentClass?: string | null | undefined; batch?: string | ... 1 more ... | undefined; year?: number | ... 1 more ... | undefined; }, any, TFieldValues>' is not assignable to type 'Control<{ studentName: string; message: string; displayOrder: number; featured: boolean; isPublished: boolean; designation?: string | null | undefined; studentClass?: string | null | undefined; batch?: string | ... 1 more ... | undefined; year?: number | ... 1 more ... | undefined; }, any, { ...; }>'.
  The types of '_options.resolver' are incompatible between these types.
    Type 'Resolver<{ studentName: string; message: string; displayOrder: number; featured: boolean; isPublished: boolean; designation?: string | null | undefined; studentClass?: string | null | undefined; batch?: string | ... 1 more ... | undefined; year?: number | ... 1 more ... | undefined; }, any, TFieldValues> | undefined' is not assignable to type 'Resolver<{ studentName: string; message: string; displayOrder: number; featured: boolean; isPublished: boolean; designation?: string | null | undefined; studentClass?: string | null | undefined; batch?: string | ... 1 more ... | undefined; year?: number | ... 1 more ... | undefined; }, any, { ...; }> | undefined'.
      Type 'Resolver<{ studentName: string; message: string; displayOrder: number; featured: boolean; isPublished: boolean; designation?: string | null | undefined; studentClass?: string | null | undefined; batch?: string | ... 1 more ... | undefined; year?: number | ... 1 more ... | undefined; }, any, TFieldValues>' is not assignable to type 'Resolver<{ studentName: string; message: string; displayOrder: number; featured: boolean; isPublished: boolean; designation?: string | null | undefined; studentClass?: string | null | undefined; batch?: string | ... 1 more ... | undefined; year?: number | ... 1 more ... | undefined; }, any, { ...; }>'.
        Type 'ResolverResult<{ studentName: string; message: string; displayOrder: number; featured: boolean; isPublished: boolean; designation?: string | null | undefined; studentClass?: string | null | undefined; batch?: string | ... 1 more ... | undefined; year?: number | ... 1 more ... | undefined; }, TFieldValues> | Promise<...' is not assignable to type 'ResolverResult<{ studentName: string; message: string; displayOrder: number; featured: boolean; isPublished: boolean; designation?: string | null | undefined; studentClass?: string | null | undefined; batch?: string | ... 1 more ... | undefined; year?: number | ... 1 more ... | undefined; }, { ...; }> | Promise<...>'.
          Type 'ResolverSuccess<TFieldValues>' is not assignable to type 'ResolverResult<{ studentName: string; message: string; displayOrder: number; featured: boolean; isPublished: boolean; designation?: string | null | undefined; studentClass?: string | null | undefined; batch?: string | ... 1 more ... | undefined; year?: number | ... 1 more ... | undefined; }, { ...; }> | Promise<...>'.
            Type 'ResolverSuccess<TFieldValues>' is not assignable to type 'ResolverSuccess<{ studentName: string; message: string; displayOrder: number; featured: boolean; isPublished: boolean; designation?: string | null | undefined; studentClass?: string | null | undefined; batch?: string | ... 1 more ... | undefined; year?: number | ... 1 more ... | undefined; }>'.
              Type 'TFieldValues' is not assignable to type '{ studentName: string; message: string; displayOrder: number; featured: boolean; isPublished: boolean; designation?: string | null | undefined; studentClass?: string | null | undefined; batch?: string | ... 1 more ... | undefined; year?: number | ... 1 more ... | undefined; }'.
                Type 'FieldValues' is missing the following properties from type '{ studentName: string; message: string; displayOrder: number; featured: boolean; isPublished: boolean; designation?: string | null | undefined; studentClass?: string | null | undefined; batch?: string | ... 1 more ... | undefined; year?: number | ... 1 more ... | undefined; }': studentName, message, displayOrder, featured, isPublished
src/app/admin/website/components/WebsiteContentClient.tsx(798,17): error TS2322: Type 'Control<{ studentName: string; message: string; displayOrder: number; featured: boolean; isPublished: boolean; designation?: string | null | undefined; studentClass?: string | null | undefined; batch?: string | ... 1 more ... | undefined; year?: number | ... 1 more ... | undefined; }, any, TFieldValues>' is not assignable to type 'Control<{ studentName: string; message: string; displayOrder: number; featured: boolean; isPublished: boolean; designation?: string | null | undefined; studentClass?: string | null | undefined; batch?: string | ... 1 more ... | undefined; year?: number | ... 1 more ... | undefined; }, any, { ...; }>'.
  The types of '_options.resolver' are incompatible between these types.
    Type 'Resolver<{ studentName: string; message: string; displayOrder: number; featured: boolean; isPublished: boolean; designation?: string | null | undefined; studentClass?: string | null | undefined; batch?: string | ... 1 more ... | undefined; year?: number | ... 1 more ... | undefined; }, any, TFieldValues> | undefined' is not assignable to type 'Resolver<{ studentName: string; message: string; displayOrder: number; featured: boolean; isPublished: boolean; designation?: string | null | undefined; studentClass?: string | null | undefined; batch?: string | ... 1 more ... | undefined; year?: number | ... 1 more ... | undefined; }, any, { ...; }> | undefined'.
      Type 'Resolver<{ studentName: string; message: string; displayOrder: number; featured: boolean; isPublished: boolean; designation?: string | null | undefined; studentClass?: string | null | undefined; batch?: string | ... 1 more ... | undefined; year?: number | ... 1 more ... | undefined; }, any, TFieldValues>' is not assignable to type 'Resolver<{ studentName: string; message: string; displayOrder: number; featured: boolean; isPublished: boolean; designation?: string | null | undefined; studentClass?: string | null | undefined; batch?: string | ... 1 more ... | undefined; year?: number | ... 1 more ... | undefined; }, any, { ...; }>'.
        Type 'ResolverResult<{ studentName: string; message: string; displayOrder: number; featured: boolean; isPublished: boolean; designation?: string | null | undefined; studentClass?: string | null | undefined; batch?: string | ... 1 more ... | undefined; year?: number | ... 1 more ... | undefined; }, TFieldValues> | Promise<...' is not assignable to type 'ResolverResult<{ studentName: string; message: string; displayOrder: number; featured: boolean; isPublished: boolean; designation?: string | null | undefined; studentClass?: string | null | undefined; batch?: string | ... 1 more ... | undefined; year?: number | ... 1 more ... | undefined; }, { ...; }> | Promise<...>'.
          Type 'ResolverSuccess<TFieldValues>' is not assignable to type 'ResolverResult<{ studentName: string; message: string; displayOrder: number; featured: boolean; isPublished: boolean; designation?: string | null | undefined; studentClass?: string | null | undefined; batch?: string | ... 1 more ... | undefined; year?: number | ... 1 more ... | undefined; }, { ...; }> | Promise<...>'.
            Type 'ResolverSuccess<TFieldValues>' is not assignable to type 'ResolverSuccess<{ studentName: string; message: string; displayOrder: number; featured: boolean; isPublished: boolean; designation?: string | null | undefined; studentClass?: string | null | undefined; batch?: string | ... 1 more ... | undefined; year?: number | ... 1 more ... | undefined; }>'.
              Type 'TFieldValues' is not assignable to type '{ studentName: string; message: string; displayOrder: number; featured: boolean; isPublished: boolean; designation?: string | null | undefined; studentClass?: string | null | undefined; batch?: string | ... 1 more ... | undefined; year?: number | ... 1 more ... | undefined; }'.
                Type 'FieldValues' is missing the following properties from type '{ studentName: string; message: string; displayOrder: number; featured: boolean; isPublished: boolean; designation?: string | null | undefined; studentClass?: string | null | undefined; batch?: string | ... 1 more ... | undefined; year?: number | ... 1 more ... | undefined; }': studentName, message, displayOrder, featured, isPublished
src/app/admin/website/components/WebsiteContentClient.tsx(811,15): error TS2322: Type 'Control<{ studentName: string; message: string; displayOrder: number; featured: boolean; isPublished: boolean; designation?: string | null | undefined; studentClass?: string | null | undefined; batch?: string | ... 1 more ... | undefined; year?: number | ... 1 more ... | undefined; }, any, TFieldValues>' is not assignable to type 'Control<{ studentName: string; message: string; displayOrder: number; featured: boolean; isPublished: boolean; designation?: string | null | undefined; studentClass?: string | null | undefined; batch?: string | ... 1 more ... | undefined; year?: number | ... 1 more ... | undefined; }, any, { ...; }>'.
  The types of '_options.resolver' are incompatible between these types.
    Type 'Resolver<{ studentName: string; message: string; displayOrder: number; featured: boolean; isPublished: boolean; designation?: string | null | undefined; studentClass?: string | null | undefined; batch?: string | ... 1 more ... | undefined; year?: number | ... 1 more ... | undefined; }, any, TFieldValues> | undefined' is not assignable to type 'Resolver<{ studentName: string; message: string; displayOrder: number; featured: boolean; isPublished: boolean; designation?: string | null | undefined; studentClass?: string | null | undefined; batch?: string | ... 1 more ... | undefined; year?: number | ... 1 more ... | undefined; }, any, { ...; }> | undefined'.
      Type 'Resolver<{ studentName: string; message: string; displayOrder: number; featured: boolean; isPublished: boolean; designation?: string | null | undefined; studentClass?: string | null | undefined; batch?: string | ... 1 more ... | undefined; year?: number | ... 1 more ... | undefined; }, any, TFieldValues>' is not assignable to type 'Resolver<{ studentName: string; message: string; displayOrder: number; featured: boolean; isPublished: boolean; designation?: string | null | undefined; studentClass?: string | null | undefined; batch?: string | ... 1 more ... | undefined; year?: number | ... 1 more ... | undefined; }, any, { ...; }>'.
        Type 'ResolverResult<{ studentName: string; message: string; displayOrder: number; featured: boolean; isPublished: boolean; designation?: string | null | undefined; studentClass?: string | null | undefined; batch?: string | ... 1 more ... | undefined; year?: number | ... 1 more ... | undefined; }, TFieldValues> | Promise<...' is not assignable to type 'ResolverResult<{ studentName: string; message: string; displayOrder: number; featured: boolean; isPublished: boolean; designation?: string | null | undefined; studentClass?: string | null | undefined; batch?: string | ... 1 more ... | undefined; year?: number | ... 1 more ... | undefined; }, { ...; }> | Promise<...>'.
          Type 'ResolverSuccess<TFieldValues>' is not assignable to type 'ResolverResult<{ studentName: string; message: string; displayOrder: number; featured: boolean; isPublished: boolean; designation?: string | null | undefined; studentClass?: string | null | undefined; batch?: string | ... 1 more ... | undefined; year?: number | ... 1 more ... | undefined; }, { ...; }> | Promise<...>'.
            Type 'ResolverSuccess<TFieldValues>' is not assignable to type 'ResolverSuccess<{ studentName: string; message: string; displayOrder: number; featured: boolean; isPublished: boolean; designation?: string | null | undefined; studentClass?: string | null | undefined; batch?: string | ... 1 more ... | undefined; year?: number | ... 1 more ... | undefined; }>'.
              Type 'TFieldValues' is not assignable to type '{ studentName: string; message: string; displayOrder: number; featured: boolean; isPublished: boolean; designation?: string | null | undefined; studentClass?: string | null | undefined; batch?: string | ... 1 more ... | undefined; year?: number | ... 1 more ... | undefined; }'.
                Type 'FieldValues' is missing the following properties from type '{ studentName: string; message: string; displayOrder: number; featured: boolean; isPublished: boolean; designation?: string | null | undefined; studentClass?: string | null | undefined; batch?: string | ... 1 more ... | undefined; year?: number | ... 1 more ... | undefined; }': studentName, message, displayOrder, featured, isPublished
src/app/admin/website/components/WebsiteContentClient.tsx(825,17): error TS2322: Type 'Control<{ studentName: string; message: string; displayOrder: number; featured: boolean; isPublished: boolean; designation?: string | null | undefined; studentClass?: string | null | undefined; batch?: string | ... 1 more ... | undefined; year?: number | ... 1 more ... | undefined; }, any, TFieldValues>' is not assignable to type 'Control<{ studentName: string; message: string; displayOrder: number; featured: boolean; isPublished: boolean; designation?: string | null | undefined; studentClass?: string | null | undefined; batch?: string | ... 1 more ... | undefined; year?: number | ... 1 more ... | undefined; }, any, { ...; }>'.
  The types of '_options.resolver' are incompatible between these types.
    Type 'Resolver<{ studentName: string; message: string; displayOrder: number; featured: boolean; isPublished: boolean; designation?: string | null | undefined; studentClass?: string | null | undefined; batch?: string | ... 1 more ... | undefined; year?: number | ... 1 more ... | undefined; }, any, TFieldValues> | undefined' is not assignable to type 'Resolver<{ studentName: string; message: string; displayOrder: number; featured: boolean; isPublished: boolean; designation?: string | null | undefined; studentClass?: string | null | undefined; batch?: string | ... 1 more ... | undefined; year?: number | ... 1 more ... | undefined; }, any, { ...; }> | undefined'.
      Type 'Resolver<{ studentName: string; message: string; displayOrder: number; featured: boolean; isPublished: boolean; designation?: string | null | undefined; studentClass?: string | null | undefined; batch?: string | ... 1 more ... | undefined; year?: number | ... 1 more ... | undefined; }, any, TFieldValues>' is not assignable to type 'Resolver<{ studentName: string; message: string; displayOrder: number; featured: boolean; isPublished: boolean; designation?: string | null | undefined; studentClass?: string | null | undefined; batch?: string | ... 1 more ... | undefined; year?: number | ... 1 more ... | undefined; }, any, { ...; }>'.
        Type 'ResolverResult<{ studentName: string; message: string; displayOrder: number; featured: boolean; isPublished: boolean; designation?: string | null | undefined; studentClass?: string | null | undefined; batch?: string | ... 1 more ... | undefined; year?: number | ... 1 more ... | undefined; }, TFieldValues> | Promise<...' is not assignable to type 'ResolverResult<{ studentName: string; message: string; displayOrder: number; featured: boolean; isPublished: boolean; designation?: string | null | undefined; studentClass?: string | null | undefined; batch?: string | ... 1 more ... | undefined; year?: number | ... 1 more ... | undefined; }, { ...; }> | Promise<...>'.
          Type 'ResolverSuccess<TFieldValues>' is not assignable to type 'ResolverResult<{ studentName: string; message: string; displayOrder: number; featured: boolean; isPublished: boolean; designation?: string | null | undefined; studentClass?: string | null | undefined; batch?: string | ... 1 more ... | undefined; year?: number | ... 1 more ... | undefined; }, { ...; }> | Promise<...>'.
            Type 'ResolverSuccess<TFieldValues>' is not assignable to type 'ResolverSuccess<{ studentName: string; message: string; displayOrder: number; featured: boolean; isPublished: boolean; designation?: string | null | undefined; studentClass?: string | null | undefined; batch?: string | ... 1 more ... | undefined; year?: number | ... 1 more ... | undefined; }>'.
              Type 'TFieldValues' is not assignable to type '{ studentName: string; message: string; displayOrder: number; featured: boolean; isPublished: boolean; designation?: string | null | undefined; studentClass?: string | null | undefined; batch?: string | ... 1 more ... | undefined; year?: number | ... 1 more ... | undefined; }'.
                Type 'FieldValues' is missing the following properties from type '{ studentName: string; message: string; displayOrder: number; featured: boolean; isPublished: boolean; designation?: string | null | undefined; studentClass?: string | null | undefined; batch?: string | ... 1 more ... | undefined; year?: number | ... 1 more ... | undefined; }': studentName, message, displayOrder, featured, isPublished
src/app/admin/website/components/WebsiteContentClient.tsx(837,17): error TS2322: Type 'Control<{ studentName: string; message: string; displayOrder: number; featured: boolean; isPublished: boolean; designation?: string | null | undefined; studentClass?: string | null | undefined; batch?: string | ... 1 more ... | undefined; year?: number | ... 1 more ... | undefined; }, any, TFieldValues>' is not assignable to type 'Control<{ studentName: string; message: string; displayOrder: number; featured: boolean; isPublished: boolean; designation?: string | null | undefined; studentClass?: string | null | undefined; batch?: string | ... 1 more ... | undefined; year?: number | ... 1 more ... | undefined; }, any, { ...; }>'.
  The types of '_options.resolver' are incompatible between these types.
    Type 'Resolver<{ studentName: string; message: string; displayOrder: number; featured: boolean; isPublished: boolean; designation?: string | null | undefined; studentClass?: string | null | undefined; batch?: string | ... 1 more ... | undefined; year?: number | ... 1 more ... | undefined; }, any, TFieldValues> | undefined' is not assignable to type 'Resolver<{ studentName: string; message: string; displayOrder: number; featured: boolean; isPublished: boolean; designation?: string | null | undefined; studentClass?: string | null | undefined; batch?: string | ... 1 more ... | undefined; year?: number | ... 1 more ... | undefined; }, any, { ...; }> | undefined'.
      Type 'Resolver<{ studentName: string; message: string; displayOrder: number; featured: boolean; isPublished: boolean; designation?: string | null | undefined; studentClass?: string | null | undefined; batch?: string | ... 1 more ... | undefined; year?: number | ... 1 more ... | undefined; }, any, TFieldValues>' is not assignable to type 'Resolver<{ studentName: string; message: string; displayOrder: number; featured: boolean; isPublished: boolean; designation?: string | null | undefined; studentClass?: string | null | undefined; batch?: string | ... 1 more ... | undefined; year?: number | ... 1 more ... | undefined; }, any, { ...; }>'.
        Type 'ResolverResult<{ studentName: string; message: string; displayOrder: number; featured: boolean; isPublished: boolean; designation?: string | null | undefined; studentClass?: string | null | undefined; batch?: string | ... 1 more ... | undefined; year?: number | ... 1 more ... | undefined; }, TFieldValues> | Promise<...' is not assignable to type 'ResolverResult<{ studentName: string; message: string; displayOrder: number; featured: boolean; isPublished: boolean; designation?: string | null | undefined; studentClass?: string | null | undefined; batch?: string | ... 1 more ... | undefined; year?: number | ... 1 more ... | undefined; }, { ...; }> | Promise<...>'.
          Type 'ResolverSuccess<TFieldValues>' is not assignable to type 'ResolverResult<{ studentName: string; message: string; displayOrder: number; featured: boolean; isPublished: boolean; designation?: string | null | undefined; studentClass?: string | null | undefined; batch?: string | ... 1 more ... | undefined; year?: number | ... 1 more ... | undefined; }, { ...; }> | Promise<...>'.
            Type 'ResolverSuccess<TFieldValues>' is not assignable to type 'ResolverSuccess<{ studentName: string; message: string; displayOrder: number; featured: boolean; isPublished: boolean; designation?: string | null | undefined; studentClass?: string | null | undefined; batch?: string | ... 1 more ... | undefined; year?: number | ... 1 more ... | undefined; }>'.
              Type 'TFieldValues' is not assignable to type '{ studentName: string; message: string; displayOrder: number; featured: boolean; isPublished: boolean; designation?: string | null | undefined; studentClass?: string | null | undefined; batch?: string | ... 1 more ... | undefined; year?: number | ... 1 more ... | undefined; }'.
                Type 'FieldValues' is missing the following properties from type '{ studentName: string; message: string; displayOrder: number; featured: boolean; isPublished: boolean; designation?: string | null | undefined; studentClass?: string | null | undefined; batch?: string | ... 1 more ... | undefined; year?: number | ... 1 more ... | undefined; }': studentName, message, displayOrder, featured, isPublished
src/app/admin/website/components/WebsiteContentClient.tsx(885,20): error TS2345: Argument of type '(item: WhyChooseUsItem) => JSX.Element' is not assignable to parameter of type '(value: { id: string; createdAt: Date; displayOrder: number; fileAssetId: string; isPublished: boolean; caption: string | null; category: string | null; }, index: number, array: { id: string; ... 5 more ...; category: string | null; }[]) => Element'.
  Types of parameters 'item' and 'value' are incompatible.
    Type '{ id: string; createdAt: Date; displayOrder: number; fileAssetId: string; isPublished: boolean; caption: string | null; category: string | null; }' is missing the following properties from type '{ id: string; createdAt: Date; updatedAt: Date; displayOrder: number; title: string; description: string; iconName: string | null; isPublished: boolean; }': updatedAt, title, description, iconName
src/app/admin/website/components/WebsiteContentClient.tsx(888,21): error TS2339: Property 'fileAsset' does not exist on type '{ id: string; createdAt: Date; updatedAt: Date; displayOrder: number; title: string; description: string; iconName: string | null; isPublished: boolean; }'.
src/app/admin/website/components/WebsiteContentClient.tsx(890,19): error TS2339: Property 'caption' does not exist on type '{ id: string; createdAt: Date; updatedAt: Date; displayOrder: number; title: string; description: string; iconName: string | null; isPublished: boolean; }'.
src/app/admin/website/components/WebsiteContentClient.tsx(890,72): error TS2339: Property 'caption' does not exist on type '{ id: string; createdAt: Date; updatedAt: Date; displayOrder: number; title: string; description: string; iconName: string | null; isPublished: boolean; }'.
src/app/admin/website/components/WebsiteContentClient.tsx(923,13): error TS2739: Type '{ id: string; createdAt: Date; updatedAt: Date; displayOrder: number; title: string; description: string; iconName: string | null; isPublished: boolean; }' is missing the following properties from type '{ id: string; createdAt: Date; displayOrder: number; fileAssetId: string; isPublished: boolean; caption: string | null; category: string | null; }': fileAssetId, caption, category
src/app/admin/website/components/WebsiteContentClient.tsx(987,5): error TS2322: Type 'Resolver<{ question: string; answer: string; category?: string | null | undefined; displayOrder?: unknown; isPublished?: boolean | undefined; }, any, { question: string; answer: string; displayOrder: number; isPublished: boolean; category?: string | ... 1 more ... | undefined; }>' is not assignable to type 'Resolver<{ question: string; answer: string; displayOrder: number; isPublished: boolean; category?: string | null | undefined; }, any, { question: string; answer: string; displayOrder: number; isPublished: boolean; category?: string | ... 1 more ... | undefined; }>'.
  Types of parameters 'options' and 'options' are incompatible.
    Type 'ResolverOptions<{ question: string; answer: string; displayOrder: number; isPublished: boolean; category?: string | null | undefined; }>' is not assignable to type 'ResolverOptions<{ question: string; answer: string; category?: string | null | undefined; displayOrder?: unknown; isPublished?: boolean | undefined; }>'.
      Type 'unknown' is not assignable to type 'number'.
src/app/admin/website/components/WebsiteContentClient.tsx(1000,22): error TS2339: Property 'question' does not exist on type '{ id: string; createdAt: Date; updatedAt: Date; displayOrder: number; title: string; description: string; iconName: string | null; isPublished: boolean; }'.
src/app/admin/website/components/WebsiteContentClient.tsx(1001,20): error TS2339: Property 'answer' does not exist on type '{ id: string; createdAt: Date; updatedAt: Date; displayOrder: number; title: string; description: string; iconName: string | null; isPublished: boolean; }'.
src/app/admin/website/components/WebsiteContentClient.tsx(1002,22): error TS2339: Property 'category' does not exist on type '{ id: string; createdAt: Date; updatedAt: Date; displayOrder: number; title: string; description: string; iconName: string | null; isPublished: boolean; }'.
src/app/admin/website/components/WebsiteContentClient.tsx(1055,18): error TS2345: Argument of type '(item: WhyChooseUsItem) => JSX.Element' is not assignable to parameter of type '(value: { id: string; createdAt: Date; updatedAt: Date; question: string; displayOrder: number; isPublished: boolean; category: string | null; answer: string; }, index: number, array: { ...; }[]) => Element'.
  Types of parameters 'item' and 'value' are incompatible.
    Type '{ id: string; createdAt: Date; updatedAt: Date; question: string; displayOrder: number; isPublished: boolean; category: string | null; answer: string; }' is missing the following properties from type '{ id: string; createdAt: Date; updatedAt: Date; displayOrder: number; title: string; description: string; iconName: string | null; isPublished: boolean; }': title, description, iconName
src/app/admin/website/components/WebsiteContentClient.tsx(1059,48): error TS2339: Property 'question' does not exist on type '{ id: string; createdAt: Date; updatedAt: Date; displayOrder: number; title: string; description: string; iconName: string | null; isPublished: boolean; }'.
src/app/admin/website/components/WebsiteContentClient.tsx(1060,79): error TS2339: Property 'answer' does not exist on type '{ id: string; createdAt: Date; updatedAt: Date; displayOrder: number; title: string; description: string; iconName: string | null; isPublished: boolean; }'.
src/app/admin/website/components/WebsiteContentClient.tsx(1084,45): error TS2345: Argument of type '(data: z.infer<typeof faqSchema>) => Promise<void>' is not assignable to parameter of type 'SubmitHandler<TFieldValues>'.
  Types of parameters 'data' and 'data' are incompatible.
    Type 'TFieldValues' is not assignable to type '{ question: string; answer: string; displayOrder: number; isPublished: boolean; category?: string | null | undefined; }'.
      Type 'FieldValues' is missing the following properties from type '{ question: string; answer: string; displayOrder: number; isPublished: boolean; category?: string | null | undefined; }': question, answer, displayOrder, isPublished
src/app/admin/website/components/WebsiteContentClient.tsx(1086,15): error TS2322: Type 'Control<{ question: string; answer: string; displayOrder: number; isPublished: boolean; category?: string | null | undefined; }, any, TFieldValues>' is not assignable to type 'Control<{ question: string; answer: string; displayOrder: number; isPublished: boolean; category?: string | null | undefined; }, any, { question: string; answer: string; displayOrder: number; isPublished: boolean; category?: string | ... 1 more ... | undefined; }>'.
  The types of '_options.resolver' are incompatible between these types.
    Type 'Resolver<{ question: string; answer: string; displayOrder: number; isPublished: boolean; category?: string | null | undefined; }, any, TFieldValues> | undefined' is not assignable to type 'Resolver<{ question: string; answer: string; displayOrder: number; isPublished: boolean; category?: string | null | undefined; }, any, { question: string; answer: string; displayOrder: number; isPublished: boolean; category?: string | ... 1 more ... | undefined; }> | undefined'.
      Type 'Resolver<{ question: string; answer: string; displayOrder: number; isPublished: boolean; category?: string | null | undefined; }, any, TFieldValues>' is not assignable to type 'Resolver<{ question: string; answer: string; displayOrder: number; isPublished: boolean; category?: string | null | undefined; }, any, { question: string; answer: string; displayOrder: number; isPublished: boolean; category?: string | ... 1 more ... | undefined; }>'.
        Type 'ResolverResult<{ question: string; answer: string; displayOrder: number; isPublished: boolean; category?: string | null | undefined; }, TFieldValues> | Promise<...>' is not assignable to type 'ResolverResult<{ question: string; answer: string; displayOrder: number; isPublished: boolean; category?: string | null | undefined; }, { question: string; answer: string; displayOrder: number; isPublished: boolean; category?: string | ... 1 more ... | undefined; }> | Promise<...>'.
          Type 'ResolverSuccess<TFieldValues>' is not assignable to type 'ResolverResult<{ question: string; answer: string; displayOrder: number; isPublished: boolean; category?: string | null | undefined; }, { question: string; answer: string; displayOrder: number; isPublished: boolean; category?: string | ... 1 more ... | undefined; }> | Promise<...>'.
            Type 'ResolverSuccess<TFieldValues>' is not assignable to type 'ResolverSuccess<{ question: string; answer: string; displayOrder: number; isPublished: boolean; category?: string | null | undefined; }>'.
              Type 'TFieldValues' is not assignable to type '{ question: string; answer: string; displayOrder: number; isPublished: boolean; category?: string | null | undefined; }'.
                Type 'FieldValues' is missing the following properties from type '{ question: string; answer: string; displayOrder: number; isPublished: boolean; category?: string | null | undefined; }': question, answer, displayOrder, isPublished
src/app/admin/website/components/WebsiteContentClient.tsx(1099,15): error TS2322: Type 'Control<{ question: string; answer: string; displayOrder: number; isPublished: boolean; category?: string | null | undefined; }, any, TFieldValues>' is not assignable to type 'Control<{ question: string; answer: string; displayOrder: number; isPublished: boolean; category?: string | null | undefined; }, any, { question: string; answer: string; displayOrder: number; isPublished: boolean; category?: string | ... 1 more ... | undefined; }>'.
  The types of '_options.resolver' are incompatible between these types.
    Type 'Resolver<{ question: string; answer: string; displayOrder: number; isPublished: boolean; category?: string | null | undefined; }, any, TFieldValues> | undefined' is not assignable to type 'Resolver<{ question: string; answer: string; displayOrder: number; isPublished: boolean; category?: string | null | undefined; }, any, { question: string; answer: string; displayOrder: number; isPublished: boolean; category?: string | ... 1 more ... | undefined; }> | undefined'.
      Type 'Resolver<{ question: string; answer: string; displayOrder: number; isPublished: boolean; category?: string | null | undefined; }, any, TFieldValues>' is not assignable to type 'Resolver<{ question: string; answer: string; displayOrder: number; isPublished: boolean; category?: string | null | undefined; }, any, { question: string; answer: string; displayOrder: number; isPublished: boolean; category?: string | ... 1 more ... | undefined; }>'.
        Type 'ResolverResult<{ question: string; answer: string; displayOrder: number; isPublished: boolean; category?: string | null | undefined; }, TFieldValues> | Promise<...>' is not assignable to type 'ResolverResult<{ question: string; answer: string; displayOrder: number; isPublished: boolean; category?: string | null | undefined; }, { question: string; answer: string; displayOrder: number; isPublished: boolean; category?: string | ... 1 more ... | undefined; }> | Promise<...>'.
          Type 'ResolverSuccess<TFieldValues>' is not assignable to type 'ResolverResult<{ question: string; answer: string; displayOrder: number; isPublished: boolean; category?: string | null | undefined; }, { question: string; answer: string; displayOrder: number; isPublished: boolean; category?: string | ... 1 more ... | undefined; }> | Promise<...>'.
            Type 'ResolverSuccess<TFieldValues>' is not assignable to type 'ResolverSuccess<{ question: string; answer: string; displayOrder: number; isPublished: boolean; category?: string | null | undefined; }>'.
              Type 'TFieldValues' is not assignable to type '{ question: string; answer: string; displayOrder: number; isPublished: boolean; category?: string | null | undefined; }'.
                Type 'FieldValues' is missing the following properties from type '{ question: string; answer: string; displayOrder: number; isPublished: boolean; category?: string | null | undefined; }': question, answer, displayOrder, isPublished
src/app/admin/website/components/WebsiteContentClient.tsx(1117,15): error TS2322: Type 'Control<{ question: string; answer: string; displayOrder: number; isPublished: boolean; category?: string | null | undefined; }, any, TFieldValues>' is not assignable to type 'Control<{ question: string; answer: string; displayOrder: number; isPublished: boolean; category?: string | null | undefined; }, any, { question: string; answer: string; displayOrder: number; isPublished: boolean; category?: string | ... 1 more ... | undefined; }>'.
  The types of '_options.resolver' are incompatible between these types.
    Type 'Resolver<{ question: string; answer: string; displayOrder: number; isPublished: boolean; category?: string | null | undefined; }, any, TFieldValues> | undefined' is not assignable to type 'Resolver<{ question: string; answer: string; displayOrder: number; isPublished: boolean; category?: string | null | undefined; }, any, { question: string; answer: string; displayOrder: number; isPublished: boolean; category?: string | ... 1 more ... | undefined; }> | undefined'.
      Type 'Resolver<{ question: string; answer: string; displayOrder: number; isPublished: boolean; category?: string | null | undefined; }, any, TFieldValues>' is not assignable to type 'Resolver<{ question: string; answer: string; displayOrder: number; isPublished: boolean; category?: string | null | undefined; }, any, { question: string; answer: string; displayOrder: number; isPublished: boolean; category?: string | ... 1 more ... | undefined; }>'.
        Type 'ResolverResult<{ question: string; answer: string; displayOrder: number; isPublished: boolean; category?: string | null | undefined; }, TFieldValues> | Promise<...>' is not assignable to type 'ResolverResult<{ question: string; answer: string; displayOrder: number; isPublished: boolean; category?: string | null | undefined; }, { question: string; answer: string; displayOrder: number; isPublished: boolean; category?: string | ... 1 more ... | undefined; }> | Promise<...>'.
          Type 'ResolverSuccess<TFieldValues>' is not assignable to type 'ResolverResult<{ question: string; answer: string; displayOrder: number; isPublished: boolean; category?: string | null | undefined; }, { question: string; answer: string; displayOrder: number; isPublished: boolean; category?: string | ... 1 more ... | undefined; }> | Promise<...>'.
            Type 'ResolverSuccess<TFieldValues>' is not assignable to type 'ResolverSuccess<{ question: string; answer: string; displayOrder: number; isPublished: boolean; category?: string | null | undefined; }>'.
              Type 'TFieldValues' is not assignable to type '{ question: string; answer: string; displayOrder: number; isPublished: boolean; category?: string | null | undefined; }'.
                Type 'FieldValues' is missing the following properties from type '{ question: string; answer: string; displayOrder: number; isPublished: boolean; category?: string | null | undefined; }': question, answer, displayOrder, isPublished
src/app/admin/website/components/WebsiteContentClient.tsx(1131,15): error TS2322: Type 'Control<{ question: string; answer: string; displayOrder: number; isPublished: boolean; category?: string | null | undefined; }, any, TFieldValues>' is not assignable to type 'Control<{ question: string; answer: string; displayOrder: number; isPublished: boolean; category?: string | null | undefined; }, any, { question: string; answer: string; displayOrder: number; isPublished: boolean; category?: string | ... 1 more ... | undefined; }>'.
  The types of '_options.resolver' are incompatible between these types.
    Type 'Resolver<{ question: string; answer: string; displayOrder: number; isPublished: boolean; category?: string | null | undefined; }, any, TFieldValues> | undefined' is not assignable to type 'Resolver<{ question: string; answer: string; displayOrder: number; isPublished: boolean; category?: string | null | undefined; }, any, { question: string; answer: string; displayOrder: number; isPublished: boolean; category?: string | ... 1 more ... | undefined; }> | undefined'.
      Type 'Resolver<{ question: string; answer: string; displayOrder: number; isPublished: boolean; category?: string | null | undefined; }, any, TFieldValues>' is not assignable to type 'Resolver<{ question: string; answer: string; displayOrder: number; isPublished: boolean; category?: string | null | undefined; }, any, { question: string; answer: string; displayOrder: number; isPublished: boolean; category?: string | ... 1 more ... | undefined; }>'.
        Type 'ResolverResult<{ question: string; answer: string; displayOrder: number; isPublished: boolean; category?: string | null | undefined; }, TFieldValues> | Promise<...>' is not assignable to type 'ResolverResult<{ question: string; answer: string; displayOrder: number; isPublished: boolean; category?: string | null | undefined; }, { question: string; answer: string; displayOrder: number; isPublished: boolean; category?: string | ... 1 more ... | undefined; }> | Promise<...>'.
          Type 'ResolverSuccess<TFieldValues>' is not assignable to type 'ResolverResult<{ question: string; answer: string; displayOrder: number; isPublished: boolean; category?: string | null | undefined; }, { question: string; answer: string; displayOrder: number; isPublished: boolean; category?: string | ... 1 more ... | undefined; }> | Promise<...>'.
            Type 'ResolverSuccess<TFieldValues>' is not assignable to type 'ResolverSuccess<{ question: string; answer: string; displayOrder: number; isPublished: boolean; category?: string | null | undefined; }>'.
              Type 'TFieldValues' is not assignable to type '{ question: string; answer: string; displayOrder: number; isPublished: boolean; category?: string | null | undefined; }'.
                Type 'FieldValues' is missing the following properties from type '{ question: string; answer: string; displayOrder: number; isPublished: boolean; category?: string | null | undefined; }': question, answer, displayOrder, isPublished
src/app/admin/website/components/WebsiteContentClient.tsx(1144,15): error TS2322: Type 'Control<{ question: string; answer: string; displayOrder: number; isPublished: boolean; category?: string | null | undefined; }, any, TFieldValues>' is not assignable to type 'Control<{ question: string; answer: string; displayOrder: number; isPublished: boolean; category?: string | null | undefined; }, any, { question: string; answer: string; displayOrder: number; isPublished: boolean; category?: string | ... 1 more ... | undefined; }>'.
  The types of '_options.resolver' are incompatible between these types.
    Type 'Resolver<{ question: string; answer: string; displayOrder: number; isPublished: boolean; category?: string | null | undefined; }, any, TFieldValues> | undefined' is not assignable to type 'Resolver<{ question: string; answer: string; displayOrder: number; isPublished: boolean; category?: string | null | undefined; }, any, { question: string; answer: string; displayOrder: number; isPublished: boolean; category?: string | ... 1 more ... | undefined; }> | undefined'.
      Type 'Resolver<{ question: string; answer: string; displayOrder: number; isPublished: boolean; category?: string | null | undefined; }, any, TFieldValues>' is not assignable to type 'Resolver<{ question: string; answer: string; displayOrder: number; isPublished: boolean; category?: string | null | undefined; }, any, { question: string; answer: string; displayOrder: number; isPublished: boolean; category?: string | ... 1 more ... | undefined; }>'.
        Type 'ResolverResult<{ question: string; answer: string; displayOrder: number; isPublished: boolean; category?: string | null | undefined; }, TFieldValues> | Promise<...>' is not assignable to type 'ResolverResult<{ question: string; answer: string; displayOrder: number; isPublished: boolean; category?: string | null | undefined; }, { question: string; answer: string; displayOrder: number; isPublished: boolean; category?: string | ... 1 more ... | undefined; }> | Promise<...>'.
          Type 'ResolverSuccess<TFieldValues>' is not assignable to type 'ResolverResult<{ question: string; answer: string; displayOrder: number; isPublished: boolean; category?: string | null | undefined; }, { question: string; answer: string; displayOrder: number; isPublished: boolean; category?: string | ... 1 more ... | undefined; }> | Promise<...>'.
            Type 'ResolverSuccess<TFieldValues>' is not assignable to type 'ResolverSuccess<{ question: string; answer: string; displayOrder: number; isPublished: boolean; category?: string | null | undefined; }>'.
              Type 'TFieldValues' is not assignable to type '{ question: string; answer: string; displayOrder: number; isPublished: boolean; category?: string | null | undefined; }'.
                Type 'FieldValues' is missing the following properties from type '{ question: string; answer: string; displayOrder: number; isPublished: boolean; category?: string | null | undefined; }': question, answer, displayOrder, isPublished
src/app/admin/website/components/WebsiteContentClient.tsx(1177,5): error TS2322: Type 'Resolver<{ label: string; value: string; displayOrder?: unknown; isPublished?: boolean | undefined; }, any, { label: string; value: string; displayOrder: number; isPublished: boolean; }>' is not assignable to type 'Resolver<{ label: string; value: string; displayOrder: number; isPublished: boolean; }, any, { label: string; value: string; displayOrder: number; isPublished: boolean; }>'.
  Types of parameters 'options' and 'options' are incompatible.
    Type 'ResolverOptions<{ label: string; value: string; displayOrder: number; isPublished: boolean; }>' is not assignable to type 'ResolverOptions<{ label: string; value: string; displayOrder?: unknown; isPublished?: boolean | undefined; }>'.
      Type 'unknown' is not assignable to type 'number'.
src/app/admin/website/components/WebsiteContentClient.tsx(1184,19): error TS2339: Property 'label' does not exist on type '{ id: string; createdAt: Date; updatedAt: Date; displayOrder: number; title: string; description: string; iconName: string | null; isPublished: boolean; }'.
src/app/admin/website/components/WebsiteContentClient.tsx(1185,19): error TS2339: Property 'value' does not exist on type '{ id: string; createdAt: Date; updatedAt: Date; displayOrder: number; title: string; description: string; iconName: string | null; isPublished: boolean; }'.
src/app/admin/website/components/WebsiteContentClient.tsx(1233,20): error TS2345: Argument of type '(item: WhyChooseUsItem) => JSX.Element' is not assignable to parameter of type '(value: { id: string; createdAt: Date; displayOrder: number; value: string; label: string; isPublished: boolean; }, index: number, array: { id: string; createdAt: Date; displayOrder: number; value: string; label: string; isPublished: boolean; }[]) => Element'.
  Types of parameters 'item' and 'value' are incompatible.
    Type '{ id: string; createdAt: Date; displayOrder: number; value: string; label: string; isPublished: boolean; }' is missing the following properties from type '{ id: string; createdAt: Date; updatedAt: Date; displayOrder: number; title: string; description: string; iconName: string | null; isPublished: boolean; }': updatedAt, title, description, iconName
src/app/admin/website/components/WebsiteContentClient.tsx(1235,66): error TS2339: Property 'value' does not exist on type '{ id: string; createdAt: Date; updatedAt: Date; displayOrder: number; title: string; description: string; iconName: string | null; isPublished: boolean; }'.
src/app/admin/website/components/WebsiteContentClient.tsx(1236,64): error TS2339: Property 'label' does not exist on type '{ id: string; createdAt: Date; updatedAt: Date; displayOrder: number; title: string; description: string; iconName: string | null; isPublished: boolean; }'.
src/app/admin/website/components/WebsiteContentClient.tsx(1259,45): error TS2345: Argument of type '(data: z.infer<typeof metricSchema>) => Promise<void>' is not assignable to parameter of type 'SubmitHandler<TFieldValues>'.
  Types of parameters 'data' and 'data' are incompatible.
    Type 'TFieldValues' is not assignable to type '{ label: string; value: string; displayOrder: number; isPublished: boolean; }'.
      Type 'FieldValues' is missing the following properties from type '{ label: string; value: string; displayOrder: number; isPublished: boolean; }': label, value, displayOrder, isPublished
src/app/admin/website/components/WebsiteContentClient.tsx(1261,15): error TS2322: Type 'Control<{ label: string; value: string; displayOrder: number; isPublished: boolean; }, any, TFieldValues>' is not assignable to type 'Control<{ label: string; value: string; displayOrder: number; isPublished: boolean; }, any, { label: string; value: string; displayOrder: number; isPublished: boolean; }>'.
  The types of '_options.resolver' are incompatible between these types.
    Type 'Resolver<{ label: string; value: string; displayOrder: number; isPublished: boolean; }, any, TFieldValues> | undefined' is not assignable to type 'Resolver<{ label: string; value: string; displayOrder: number; isPublished: boolean; }, any, { label: string; value: string; displayOrder: number; isPublished: boolean; }> | undefined'.
      Type 'Resolver<{ label: string; value: string; displayOrder: number; isPublished: boolean; }, any, TFieldValues>' is not assignable to type 'Resolver<{ label: string; value: string; displayOrder: number; isPublished: boolean; }, any, { label: string; value: string; displayOrder: number; isPublished: boolean; }>'.
        Type 'ResolverResult<{ label: string; value: string; displayOrder: number; isPublished: boolean; }, TFieldValues> | Promise<ResolverResult<{ label: string; value: string; displayOrder: number; isPublished: boolean; }, TFieldValues>>' is not assignable to type 'ResolverResult<{ label: string; value: string; displayOrder: number; isPublished: boolean; }, { label: string; value: string; displayOrder: number; isPublished: boolean; }> | Promise<...>'.
          Type 'ResolverSuccess<TFieldValues>' is not assignable to type 'ResolverResult<{ label: string; value: string; displayOrder: number; isPublished: boolean; }, { label: string; value: string; displayOrder: number; isPublished: boolean; }> | Promise<...>'.
            Type 'ResolverSuccess<TFieldValues>' is not assignable to type 'ResolverSuccess<{ label: string; value: string; displayOrder: number; isPublished: boolean; }>'.
              Type 'TFieldValues' is not assignable to type '{ label: string; value: string; displayOrder: number; isPublished: boolean; }'.
                Type 'FieldValues' is missing the following properties from type '{ label: string; value: string; displayOrder: number; isPublished: boolean; }': label, value, displayOrder, isPublished
src/app/admin/website/components/WebsiteContentClient.tsx(1274,15): error TS2322: Type 'Control<{ label: string; value: string; displayOrder: number; isPublished: boolean; }, any, TFieldValues>' is not assignable to type 'Control<{ label: string; value: string; displayOrder: number; isPublished: boolean; }, any, { label: string; value: string; displayOrder: number; isPublished: boolean; }>'.
  The types of '_options.resolver' are incompatible between these types.
    Type 'Resolver<{ label: string; value: string; displayOrder: number; isPublished: boolean; }, any, TFieldValues> | undefined' is not assignable to type 'Resolver<{ label: string; value: string; displayOrder: number; isPublished: boolean; }, any, { label: string; value: string; displayOrder: number; isPublished: boolean; }> | undefined'.
      Type 'Resolver<{ label: string; value: string; displayOrder: number; isPublished: boolean; }, any, TFieldValues>' is not assignable to type 'Resolver<{ label: string; value: string; displayOrder: number; isPublished: boolean; }, any, { label: string; value: string; displayOrder: number; isPublished: boolean; }>'.
        Type 'ResolverResult<{ label: string; value: string; displayOrder: number; isPublished: boolean; }, TFieldValues> | Promise<ResolverResult<{ label: string; value: string; displayOrder: number; isPublished: boolean; }, TFieldValues>>' is not assignable to type 'ResolverResult<{ label: string; value: string; displayOrder: number; isPublished: boolean; }, { label: string; value: string; displayOrder: number; isPublished: boolean; }> | Promise<...>'.
          Type 'ResolverSuccess<TFieldValues>' is not assignable to type 'ResolverResult<{ label: string; value: string; displayOrder: number; isPublished: boolean; }, { label: string; value: string; displayOrder: number; isPublished: boolean; }> | Promise<...>'.
            Type 'ResolverSuccess<TFieldValues>' is not assignable to type 'ResolverSuccess<{ label: string; value: string; displayOrder: number; isPublished: boolean; }>'.
              Type 'TFieldValues' is not assignable to type '{ label: string; value: string; displayOrder: number; isPublished: boolean; }'.
                Type 'FieldValues' is missing the following properties from type '{ label: string; value: string; displayOrder: number; isPublished: boolean; }': label, value, displayOrder, isPublished
src/app/admin/website/components/WebsiteContentClient.tsx(1287,15): error TS2322: Type 'Control<{ label: string; value: string; displayOrder: number; isPublished: boolean; }, any, TFieldValues>' is not assignable to type 'Control<{ label: string; value: string; displayOrder: number; isPublished: boolean; }, any, { label: string; value: string; displayOrder: number; isPublished: boolean; }>'.
  The types of '_options.resolver' are incompatible between these types.
    Type 'Resolver<{ label: string; value: string; displayOrder: number; isPublished: boolean; }, any, TFieldValues> | undefined' is not assignable to type 'Resolver<{ label: string; value: string; displayOrder: number; isPublished: boolean; }, any, { label: string; value: string; displayOrder: number; isPublished: boolean; }> | undefined'.
      Type 'Resolver<{ label: string; value: string; displayOrder: number; isPublished: boolean; }, any, TFieldValues>' is not assignable to type 'Resolver<{ label: string; value: string; displayOrder: number; isPublished: boolean; }, any, { label: string; value: string; displayOrder: number; isPublished: boolean; }>'.
        Type 'ResolverResult<{ label: string; value: string; displayOrder: number; isPublished: boolean; }, TFieldValues> | Promise<ResolverResult<{ label: string; value: string; displayOrder: number; isPublished: boolean; }, TFieldValues>>' is not assignable to type 'ResolverResult<{ label: string; value: string; displayOrder: number; isPublished: boolean; }, { label: string; value: string; displayOrder: number; isPublished: boolean; }> | Promise<...>'.
          Type 'ResolverSuccess<TFieldValues>' is not assignable to type 'ResolverResult<{ label: string; value: string; displayOrder: number; isPublished: boolean; }, { label: string; value: string; displayOrder: number; isPublished: boolean; }> | Promise<...>'.
            Type 'ResolverSuccess<TFieldValues>' is not assignable to type 'ResolverSuccess<{ label: string; value: string; displayOrder: number; isPublished: boolean; }>'.
              Type 'TFieldValues' is not assignable to type '{ label: string; value: string; displayOrder: number; isPublished: boolean; }'.
                Type 'FieldValues' is missing the following properties from type '{ label: string; value: string; displayOrder: number; isPublished: boolean; }': label, value, displayOrder, isPublished
src/app/admin/website/components/WebsiteContentClient.tsx(1300,15): error TS2322: Type 'Control<{ label: string; value: string; displayOrder: number; isPublished: boolean; }, any, TFieldValues>' is not assignable to type 'Control<{ label: string; value: string; displayOrder: number; isPublished: boolean; }, any, { label: string; value: string; displayOrder: number; isPublished: boolean; }>'.
  The types of '_options.resolver' are incompatible between these types.
    Type 'Resolver<{ label: string; value: string; displayOrder: number; isPublished: boolean; }, any, TFieldValues> | undefined' is not assignable to type 'Resolver<{ label: string; value: string; displayOrder: number; isPublished: boolean; }, any, { label: string; value: string; displayOrder: number; isPublished: boolean; }> | undefined'.
      Type 'Resolver<{ label: string; value: string; displayOrder: number; isPublished: boolean; }, any, TFieldValues>' is not assignable to type 'Resolver<{ label: string; value: string; displayOrder: number; isPublished: boolean; }, any, { label: string; value: string; displayOrder: number; isPublished: boolean; }>'.
        Type 'ResolverResult<{ label: string; value: string; displayOrder: number; isPublished: boolean; }, TFieldValues> | Promise<ResolverResult<{ label: string; value: string; displayOrder: number; isPublished: boolean; }, TFieldValues>>' is not assignable to type 'ResolverResult<{ label: string; value: string; displayOrder: number; isPublished: boolean; }, { label: string; value: string; displayOrder: number; isPublished: boolean; }> | Promise<...>'.
          Type 'ResolverSuccess<TFieldValues>' is not assignable to type 'ResolverResult<{ label: string; value: string; displayOrder: number; isPublished: boolean; }, { label: string; value: string; displayOrder: number; isPublished: boolean; }> | Promise<...>'.
            Type 'ResolverSuccess<TFieldValues>' is not assignable to type 'ResolverSuccess<{ label: string; value: string; displayOrder: number; isPublished: boolean; }>'.
              Type 'TFieldValues' is not assignable to type '{ label: string; value: string; displayOrder: number; isPublished: boolean; }'.
                Type 'FieldValues' is missing the following properties from type '{ label: string; value: string; displayOrder: number; isPublished: boolean; }': label, value, displayOrder, isPublished
